Script       : trade_auto
Session      : 35
Direction    : SELL
Symbol       : JP225Cash
Lot          : 0.1
Session start: 2026-09-03 08:23:48
Session end  : 2026-09-03 08:28:48
Duration     : 300.1s
Outcome      : LOSS
----------------------------------------------------------------------
[08:23:48] === Session 35: choosing direction from M5 trend ===
[08:23:48] Session 35 direction = SELL (EMA7 < EMA21). Equity start = 971.06
[08:23:48] equity 971.06 (diff +0.00)
[08:23:48] M1 11:23:00 open=64170.00 live=64165.00 candle=red ema7=64392.1 ema21=64501.5 BEAR -> session=SELL
[08:23:48] SELL opened. ticket=949005816, price=64167.0
[08:23:53] equity 971.04 (diff -0.02)
[08:23:53] session=SELL but candle=green ema7=64397.1 ema21=64503.3 BEAR -> no trade this tick
[08:23:58] equity 971.05 (diff -0.01)
[08:23:58] session=SELL but candle=green ema7=64396.3 ema21=64503.1 BEAR -> no trade this tick
[08:24:03] equity 971.05 (diff -0.01)
[08:24:03] M1 11:24:00 open=64177.00 live=64177.00 candle=red ema7=64395.1 ema21=64502.6 BEAR -> session=SELL
[08:24:03] SELL opened. ticket=949005981, price=64175.0
[08:24:08] equity 971.05 (diff -0.01)
[08:24:08] SELL opened. ticket=949006005, price=64167.0
[08:24:13] equity 971.04 (diff -0.02)
[08:24:13] SELL opened. ticket=949006028, price=64167.0
[08:24:18] equity 971.07 (diff +0.01)
[08:24:19] SELL opened. ticket=949006040, price=64162.0
[08:24:24] equity 971.01 (diff -0.05)
[08:24:24] SELL opened. ticket=949006046, price=64177.0
[08:24:29] equity 970.95 (diff -0.11)
[08:24:29] session=SELL but candle=green ema7=64398.3 ema21=64503.8 BEAR -> no trade this tick
[08:24:34] equity 970.90 (diff -0.16)
[08:24:34] session=SELL but candle=green ema7=64399.6 ema21=64504.2 BEAR -> no trade this tick
[08:24:39] equity 970.87 (diff -0.19)
[08:24:39] session=SELL but candle=green ema7=64403.1 ema21=64505.5 BEAR -> no trade this tick
[08:24:44] equity 970.87 (diff -0.19)
[08:24:44] session=SELL but candle=green ema7=64403.1 ema21=64505.5 BEAR -> no trade this tick
[08:24:49] equity 970.84 (diff -0.22)
[08:24:49] session=SELL but candle=green ema7=64405.1 ema21=64506.2 BEAR -> no trade this tick
[08:24:54] equity 970.81 (diff -0.25)
[08:24:54] session=SELL but candle=green ema7=64408.8 ema21=64507.6 BEAR -> no trade this tick
[08:24:59] equity 970.78 (diff -0.28)
[08:24:59] session=SELL but candle=green ema7=64409.3 ema21=64507.8 BEAR -> no trade this tick
[08:25:04] equity 970.89 (diff -0.17)
[08:25:04] M1 11:25:00 open=64232.00 live=64202.00 candle=red ema7=64357.5 ema21=64480.0 BEAR -> session=SELL
[08:25:04] SELL opened. ticket=949006178, price=64204.0
[08:25:09] equity 970.94 (diff -0.12)
[08:25:09] SELL opened. ticket=949006203, price=64194.0
[08:25:14] equity 970.86 (diff -0.20)
[08:25:14] SELL opened. ticket=949006219, price=64207.0
[08:25:19] equity 970.94 (diff -0.12)
[08:25:19] SELL opened. ticket=949006261, price=64192.0
[08:25:24] equity 970.93 (diff -0.13)
[08:25:25] SELL opened. ticket=949006281, price=64192.0
[08:25:30] equity 970.98 (diff -0.08)
[08:25:30] SELL opened. ticket=949006292, price=64184.0
[08:25:35] equity 971.00 (diff -0.06)
[08:25:35] SELL opened. ticket=949006312, price=64182.0
[08:25:40] equity 970.96 (diff -0.10)
[08:25:40] SELL opened. ticket=949006328, price=64189.0
[08:25:45] equity 971.03 (diff -0.03)
[08:25:45] SELL opened. ticket=949006363, price=64184.0
[08:25:50] equity 970.91 (diff -0.15)
[08:25:51] SELL opened. ticket=949006413, price=64187.0
[08:25:56] equity 971.09 (diff +0.03)
[08:25:56] SELL opened. ticket=949006435, price=64169.0
[08:26:01] equity 971.02 (diff -0.04)
[08:26:01] M1 11:26:00 open=64164.00 live=64179.00 candle=green ema7=64351.8 ema21=64477.9 BEAR -> session=SELL
[08:26:01] session=SELL but candle=green ema7=64351.8 ema21=64477.9 BEAR -> no trade this tick
[08:26:06] equity 970.70 (diff -0.36)
[08:26:06] session=SELL but candle=green ema7=64358.8 ema21=64480.4 BEAR -> no trade this tick
[08:26:11] equity 970.52 (diff -0.54)
[08:26:11] session=SELL but candle=green ema7=64362.5 ema21=64481.8 BEAR -> no trade this tick
[08:26:16] equity 970.55 (diff -0.51)
[08:26:16] session=SELL but candle=green ema7=64361.8 ema21=64481.5 BEAR -> no trade this tick
[08:26:21] equity 970.50 (diff -0.56)
[08:26:21] session=SELL but candle=green ema7=64363.0 ema21=64482.0 BEAR -> no trade this tick
[08:26:26] equity 970.38 (diff -0.68)
[08:26:26] session=SELL but candle=green ema7=64366.3 ema21=64483.2 BEAR -> no trade this tick
[08:26:31] equity 970.38 (diff -0.68)
[08:26:31] session=SELL but candle=green ema7=64366.3 ema21=64483.2 BEAR -> no trade this tick
[08:26:36] equity 970.40 (diff -0.66)
[08:26:36] session=SELL but candle=green ema7=64365.5 ema21=64482.9 BEAR -> no trade this tick
[08:26:41] equity 970.53 (diff -0.53)
[08:26:41] session=SELL but candle=green ema7=64362.3 ema21=64481.7 BEAR -> no trade this tick
[08:26:46] equity 970.59 (diff -0.47)
[08:26:46] session=SELL but candle=green ema7=64360.5 ema21=64481.1 BEAR -> no trade this tick
[08:26:51] equity 970.78 (diff -0.28)
[08:26:51] session=SELL but candle=green ema7=64356.8 ema21=64479.7 BEAR -> no trade this tick
[08:26:56] equity 970.91 (diff -0.15)
[08:26:56] session=SELL but candle=green ema7=64353.8 ema21=64478.6 BEAR -> no trade this tick
[08:27:01] equity 970.78 (diff -0.28)
[08:27:01] M1 11:27:00 open=64196.00 live=64199.00 candle=green ema7=64356.8 ema21=64479.7 BEAR -> session=SELL
[08:27:01] session=SELL but candle=green ema7=64356.8 ema21=64479.7 BEAR -> no trade this tick
[08:27:06] equity 970.88 (diff -0.18)
[08:27:06] SELL opened. ticket=949006931, price=64191.0
[08:27:11] equity 970.93 (diff -0.13)
[08:27:11] SELL opened. ticket=949006935, price=64184.0
[08:27:16] equity 971.30 (diff +0.24)
[08:27:16] SELL opened. ticket=949006942, price=64156.0
[08:27:21] equity 971.00 (diff -0.06)
[08:27:21] SELL opened. ticket=949006950, price=64179.0
[08:27:26] equity 970.86 (diff -0.20)
[08:27:27] SELL opened. ticket=949006961, price=64186.0
[08:27:32] equity 970.42 (diff -0.64)
[08:27:32] session=SELL but candle=green ema7=64361.0 ema21=64481.3 BEAR -> no trade this tick
[08:27:37] equity 970.33 (diff -0.73)
[08:27:37] session=SELL but candle=green ema7=64363.0 ema21=64482.0 BEAR -> no trade this tick
[08:27:42] equity 970.26 (diff -0.80)
[08:27:42] session=SELL but candle=green ema7=64364.8 ema21=64482.6 BEAR -> no trade this tick
[08:27:47] equity 970.32 (diff -0.74)
[08:27:47] session=SELL but candle=green ema7=64363.5 ema21=64482.2 BEAR -> no trade this tick
[08:27:52] equity 970.49 (diff -0.57)
[08:27:52] session=SELL but candle=green ema7=64359.8 ema21=64480.8 BEAR -> no trade this tick
[08:27:57] equity 970.74 (diff -0.32)
[08:27:57] SELL opened. ticket=949007028, price=64194.0
[08:28:02] equity 971.07 (diff +0.01)
[08:28:02] M1 11:28:00 open=64186.00 live=64174.00 candle=red ema7=64350.5 ema21=64477.4 BEAR -> session=SELL
[08:28:02] SELL opened. ticket=949007078, price=64174.0
[08:28:07] equity 971.16 (diff +0.10)
[08:28:07] SELL opened. ticket=949007111, price=64169.0
[08:28:12] equity 971.35 (diff +0.29)
[08:28:12] SELL opened. ticket=949007125, price=64156.0
[08:28:17] equity 971.12 (diff +0.06)
[08:28:18] SELL opened. ticket=949007156, price=64171.0
[08:28:23] equity 970.90 (diff -0.16)
[08:28:23] SELL opened. ticket=949007167, price=64181.0
[08:28:28] equity 970.72 (diff -0.34)
[08:28:28] session=SELL but candle=green ema7=64354.3 ema21=64478.8 BEAR -> no trade this tick
[08:28:33] equity 970.51 (diff -0.55)
[08:28:33] session=SELL but candle=green ema7=64357.3 ema21=64479.9 BEAR -> no trade this tick
[08:28:38] equity 970.26 (diff -0.80)
[08:28:38] session=SELL but candle=green ema7=64360.5 ema21=64481.1 BEAR -> no trade this tick
[08:28:43] equity 969.86 (diff -1.20)
[08:28:43] STOP: equity diff -1.20 <= -1.00. Closing all positions.
[08:28:43] closed 949005816 (sell) @ 64247.00
[08:28:43] closed 949005981 (sell) @ 64247.00
[08:28:43] closed 949006005 (sell) @ 64247.00
[08:28:43] closed 949006028 (sell) @ 64247.00
[08:28:44] closed 949006040 (sell) @ 64247.00
[08:28:44] closed 949006046 (sell) @ 64247.00
[08:28:44] closed 949006178 (sell) @ 64247.00
[08:28:44] closed 949006203 (sell) @ 64244.00
[08:28:44] closed 949006219 (sell) @ 64244.00
[08:28:45] closed 949006261 (sell) @ 64247.00
[08:28:45] closed 949006281 (sell) @ 64249.00
[08:28:45] closed 949006292 (sell) @ 64249.00
[08:28:45] closed 949006312 (sell) @ 64252.00
[08:28:45] closed 949006328 (sell) @ 64244.00
[08:28:45] closed 949006363 (sell) @ 64244.00
[08:28:46] closed 949006413 (sell) @ 64244.00
[08:28:46] closed 949006435 (sell) @ 64244.00
[08:28:46] closed 949006931 (sell) @ 64247.00
[08:28:46] closed 949006935 (sell) @ 64244.00
[08:28:46] closed 949006942 (sell) @ 64244.00
[08:28:47] closed 949006950 (sell) @ 64244.00
[08:28:47] closed 949006961 (sell) @ 64247.00
[08:28:47] closed 949007028 (sell) @ 64247.00
[08:28:47] closed 949007078 (sell) @ 64244.00
[08:28:47] closed 949007111 (sell) @ 64244.00
[08:28:47] closed 949007125 (sell) @ 64242.00
[08:28:48] closed 949007156 (sell) @ 64242.00
[08:28:48] closed 949007167 (sell) @ 64242.00
[08:28:48] closed 28/28 positions
[08:28:48] --- Session 35 finished: LOSS ---
