Script       : trade_sell_trend
Symbol       : JP225Cash
Lot          : 0.1
Session start: 2026-09-02 20:28:44
Session end  : 2026-09-02 20:58:55
Duration     : 1810.1s
Outcome      : TIME
----------------------------------------------------------------------
[20:28:45] MT5 initialized: (500, 6140, '21 Aug 2026')
[20:28:45] Account 334072459 on XMGlobal-MT5 9, equity start = 990.21 USD
[20:28:45] Trading JP225Cash @ 64206.00/64214.00, lot 0.1
[20:28:45] Running (trend-follow SELL: M5 EMA7<EMA21 and M1 candle red, every 5s, stop if equity <= 989.21 or >= 995.21 from start).
[20:28:45] equity 990.21 (diff +0.00)
[20:28:45] M1 23:28:00 open=64198.00 live=64206.00 candle=green ema7=64179.7 ema21=64074.3 BULL -> hold
[20:28:45] candle is green -> no SELL (green, trend up)
[20:28:50] equity 990.21 (diff +0.00)
[20:28:50] candle is green -> no SELL (green, trend up)
[20:28:55] equity 990.21 (diff +0.00)
[20:28:55] candle is green -> no SELL (green, trend up)
[20:29:00] equity 990.21 (diff +0.00)
[20:29:00] M1 23:29:00 open=64206.00 live=64206.00 candle=green ema7=64179.7 ema21=64074.3 BULL -> hold
[20:29:00] candle is green -> no SELL (green, trend up)
[20:29:05] equity 990.21 (diff +0.00)
[20:29:05] candle is green -> no SELL (green, trend up)
[20:29:10] equity 990.21 (diff +0.00)
[20:29:10] candle is green -> no SELL (green, trend up)
[20:29:15] equity 990.21 (diff +0.00)
[20:29:20] equity 990.21 (diff +0.00)
[20:29:20] candle is green -> no SELL (green, trend up)
[20:29:25] equity 990.21 (diff +0.00)
[20:29:25] candle is green -> no SELL (green, trend up)
[20:29:30] equity 990.21 (diff +0.00)
[20:29:30] candle is green -> no SELL (green, trend up)
[20:29:35] equity 990.21 (diff +0.00)
[20:29:35] candle is green -> no SELL (green, trend up)
[20:29:40] equity 990.21 (diff +0.00)
[20:29:40] candle is green -> no SELL (green, trend up)
[20:29:45] equity 990.21 (diff +0.00)
[20:29:45] candle is green -> no SELL (green, trend up)
[20:29:50] equity 990.21 (diff +0.00)
[20:29:50] candle is green -> no SELL (green, trend up)
[20:29:55] equity 990.21 (diff +0.00)
[20:29:55] candle is green -> no SELL (green, trend up)
[20:30:00] equity 990.21 (diff +0.00)
[20:30:00] M1 23:30:00 open=64196.00 live=64196.00 candle=green ema7=64182.6 ema21=64090.6 BULL -> hold
[20:30:00] candle is green -> no SELL (green, trend up)
[20:30:05] equity 990.21 (diff +0.00)
[20:30:05] candle is green -> no SELL (green, trend up)
[20:30:10] equity 990.21 (diff +0.00)
[20:30:10] candle is green -> no SELL (green, trend up)
[20:30:15] equity 990.21 (diff +0.00)
[20:30:15] candle is green -> no SELL (green, trend up)
[20:30:20] equity 990.21 (diff +0.00)
[20:30:20] candle is green -> no SELL (green, trend up)
[20:30:25] equity 990.21 (diff +0.00)
[20:30:25] candle is green -> no SELL (green, trend up)
[20:30:30] equity 990.21 (diff +0.00)
[20:30:30] candle is green -> no SELL (green, trend up)
[20:30:35] equity 990.21 (diff +0.00)
[20:30:35] candle is green -> no SELL (green, trend up)
[20:30:40] equity 990.21 (diff +0.00)
[20:30:40] candle is green -> no SELL (green, trend up)
[20:30:45] equity 990.21 (diff +0.00)
[20:30:45] candle is green -> no SELL (green, trend up)
[20:30:50] equity 990.21 (diff +0.00)
[20:30:50] candle is green -> no SELL (green, trend up)
[20:30:55] equity 990.21 (diff +0.00)
[20:30:55] candle is green -> no SELL (green, trend up)
[20:31:00] equity 990.21 (diff +0.00)
[20:31:00] candle is green -> no SELL (green, trend up)
[20:31:05] equity 990.21 (diff +0.00)
[20:31:05] M1 23:31:00 open=64218.00 live=64218.00 candle=green ema7=64188.1 ema21=64092.6 BULL -> hold
[20:31:05] candle is green -> no SELL (green, trend up)
[20:31:10] equity 990.21 (diff +0.00)
[20:31:15] equity 990.21 (diff +0.00)
[20:31:15] candle is green -> no SELL (green, trend up)
[20:31:20] equity 990.21 (diff +0.00)
[20:31:20] candle is green -> no SELL (green, trend up)
[20:31:25] equity 990.21 (diff +0.00)
[20:31:25] candle is green -> no SELL (green, trend up)
[20:31:30] equity 990.21 (diff +0.00)
[20:31:30] candle is green -> no SELL (green, trend up)
[20:31:35] equity 990.21 (diff +0.00)
[20:31:40] equity 990.21 (diff +0.00)
[20:31:40] candle is green -> no SELL (green, trend up)
[20:31:45] equity 990.21 (diff +0.00)
[20:31:50] equity 990.21 (diff +0.00)
[20:31:55] equity 990.21 (diff +0.00)
[20:31:55] candle is green -> no SELL (green, trend up)
[20:32:00] equity 990.21 (diff +0.00)
[20:32:00] M1 23:32:00 open=64211.00 live=64209.00 candle=red ema7=64185.8 ema21=64091.8 BULL -> hold
[20:32:05] equity 990.21 (diff +0.00)
[20:32:10] equity 990.21 (diff +0.00)
[20:32:10] candle is green -> no SELL (green, trend up)
[20:32:15] equity 990.21 (diff +0.00)
[20:32:15] candle is green -> no SELL (green, trend up)
[20:32:20] equity 990.21 (diff +0.00)
[20:32:20] candle is green -> no SELL (green, trend up)
[20:32:25] equity 990.21 (diff +0.00)
[20:32:25] candle is green -> no SELL (green, trend up)
[20:32:30] equity 990.21 (diff +0.00)
[20:32:30] candle is green -> no SELL (green, trend up)
[20:32:35] equity 990.21 (diff +0.00)
[20:32:40] equity 990.21 (diff +0.00)
[20:32:40] candle is green -> no SELL (green, trend up)
[20:32:45] equity 990.21 (diff +0.00)
[20:32:45] candle is green -> no SELL (green, trend up)
[20:32:50] equity 990.21 (diff +0.00)
[20:32:50] candle is green -> no SELL (green, trend up)
[20:32:55] equity 990.21 (diff +0.00)
[20:33:00] equity 990.21 (diff +0.00)
[20:33:00] M1 23:33:00 open=64196.00 live=64204.00 candle=green ema7=64184.6 ema21=64091.3 BULL -> hold
[20:33:00] candle is green -> no SELL (green, trend up)
[20:33:05] equity 990.21 (diff +0.00)
[20:33:05] candle is green -> no SELL (green, trend up)
[20:33:10] equity 990.21 (diff +0.00)
[20:33:10] candle is green -> no SELL (green, trend up)
[20:33:15] equity 990.21 (diff +0.00)
[20:33:15] candle is green -> no SELL (green, trend up)
[20:33:20] equity 990.21 (diff +0.00)
[20:33:20] candle is green -> no SELL (green, trend up)
[20:33:25] equity 990.21 (diff +0.00)
[20:33:25] candle is green -> no SELL (green, trend up)
[20:33:30] equity 990.21 (diff +0.00)
[20:33:30] candle is green -> no SELL (green, trend up)
[20:33:35] equity 990.21 (diff +0.00)
[20:33:35] candle is green -> no SELL (green, trend up)
[20:33:40] equity 990.21 (diff +0.00)
[20:33:40] candle is green -> no SELL (green, trend up)
[20:33:45] equity 990.21 (diff +0.00)
[20:33:45] candle is green -> no SELL (green, trend up)
[20:33:50] equity 990.21 (diff +0.00)
[20:33:55] equity 990.21 (diff +0.00)
[20:34:00] equity 990.21 (diff +0.00)
[20:34:05] equity 990.21 (diff +0.00)
[20:34:05] M1 23:34:00 open=64181.00 live=64191.00 candle=green ema7=64181.3 ema21=64090.1 BULL -> hold
[20:34:05] candle is green -> no SELL (green, trend up)
[20:34:10] equity 990.21 (diff +0.00)
[20:34:10] candle is green -> no SELL (green, trend up)
[20:34:15] equity 990.21 (diff +0.00)
[20:34:15] candle is green -> no SELL (green, trend up)
[20:34:20] equity 990.21 (diff +0.00)
[20:34:20] candle is green -> no SELL (green, trend up)
[20:34:25] equity 990.21 (diff +0.00)
[20:34:25] candle is green -> no SELL (green, trend up)
[20:34:30] equity 990.21 (diff +0.00)
[20:34:30] candle is green -> no SELL (green, trend up)
[20:34:35] equity 990.21 (diff +0.00)
[20:34:40] equity 990.21 (diff +0.00)
[20:34:40] candle is green -> no SELL (green, trend up)
[20:34:45] equity 990.21 (diff +0.00)
[20:34:45] candle is green -> no SELL (green, trend up)
[20:34:50] equity 990.21 (diff +0.00)
[20:34:50] candle is green -> no SELL (green, trend up)
[20:34:55] equity 990.21 (diff +0.00)
[20:34:55] candle is green -> no SELL (green, trend up)
[20:35:00] equity 990.21 (diff +0.00)
[20:35:00] candle is green -> no SELL (green, trend up)
[20:35:05] equity 990.21 (diff +0.00)
[20:35:05] M1 23:35:00 open=64191.00 live=64199.00 candle=green ema7=64186.3 ema21=64098.4 BULL -> hold
[20:35:05] candle is green -> no SELL (green, trend up)
[20:35:10] equity 990.21 (diff +0.00)
[20:35:15] equity 990.21 (diff +0.00)
[20:35:20] equity 990.21 (diff +0.00)
[20:35:25] equity 990.21 (diff +0.00)
[20:35:30] equity 990.21 (diff +0.00)
[20:35:35] equity 990.21 (diff +0.00)
[20:35:35] candle is green -> no SELL (green, trend up)
[20:35:40] equity 990.21 (diff +0.00)
[20:35:40] candle is green -> no SELL (green, trend up)
[20:35:45] equity 990.21 (diff +0.00)
[20:35:45] candle is green -> no SELL (green, trend up)
[20:35:50] equity 990.21 (diff +0.00)
[20:35:50] candle is green -> no SELL (green, trend up)
[20:35:55] equity 990.21 (diff +0.00)
[20:35:55] candle is green -> no SELL (green, trend up)
[20:36:00] equity 990.21 (diff +0.00)
[20:36:00] M1 23:36:00 open=64189.00 live=64191.00 candle=green ema7=64184.3 ema21=64097.7 BULL -> hold
[20:36:00] candle is green -> no SELL (green, trend up)
[20:36:05] equity 990.21 (diff +0.00)
[20:36:05] candle is green -> no SELL (green, trend up)
[20:36:10] equity 990.21 (diff +0.00)
[20:36:15] equity 990.21 (diff +0.00)
[20:36:20] equity 990.21 (diff +0.00)
[20:36:25] equity 990.21 (diff +0.00)
[20:36:30] equity 990.21 (diff +0.00)
[20:36:35] equity 990.21 (diff +0.00)
[20:36:40] equity 990.21 (diff +0.00)
[20:36:45] equity 990.21 (diff +0.00)
[20:36:50] equity 990.21 (diff +0.00)
[20:36:55] equity 990.21 (diff +0.00)
[20:37:00] equity 990.21 (diff +0.00)
[20:37:05] equity 990.21 (diff +0.00)
[20:37:10] equity 990.21 (diff +0.00)
[20:37:10] M1 23:37:00 open=64176.00 live=64176.00 candle=green ema7=64180.5 ema21=64096.4 BULL -> hold
[20:37:10] candle is green -> no SELL (green, trend up)
[20:37:15] equity 990.21 (diff +0.00)
[20:37:20] equity 990.21 (diff +0.00)
[20:37:25] equity 990.21 (diff +0.00)
[20:37:30] equity 990.21 (diff +0.00)
[20:37:35] equity 990.21 (diff +0.00)
[20:37:40] equity 990.21 (diff +0.00)
[20:37:45] equity 990.21 (diff +0.00)
[20:37:50] equity 990.21 (diff +0.00)
[20:37:55] equity 990.21 (diff +0.00)
[20:38:00] equity 990.21 (diff +0.00)
[20:38:05] equity 990.21 (diff +0.00)
[20:38:05] M1 23:38:00 open=64161.00 live=64169.00 candle=green ema7=64178.8 ema21=64095.7 BULL -> hold
[20:38:05] candle is green -> no SELL (green, trend up)
[20:38:10] equity 990.21 (diff +0.00)
[20:38:10] candle is green -> no SELL (green, trend up)
[20:38:15] equity 990.21 (diff +0.00)
[20:38:15] candle is green -> no SELL (green, trend up)
[20:38:20] equity 990.21 (diff +0.00)
[20:38:25] equity 990.21 (diff +0.00)
[20:38:30] equity 990.21 (diff +0.00)
[20:38:30] candle is green -> no SELL (green, trend up)
[20:38:35] equity 990.21 (diff +0.00)
[20:38:35] candle is green -> no SELL (green, trend up)
[20:38:40] equity 990.21 (diff +0.00)
[20:38:45] equity 990.21 (diff +0.00)
[20:38:45] candle is green -> no SELL (green, trend up)
[20:38:50] equity 990.21 (diff +0.00)
[20:38:50] candle is green -> no SELL (green, trend up)
[20:38:55] equity 990.21 (diff +0.00)
[20:38:55] candle is green -> no SELL (green, trend up)
[20:39:00] equity 990.21 (diff +0.00)
[20:39:00] candle is green -> no SELL (green, trend up)
[20:39:05] equity 990.21 (diff +0.00)
[20:39:05] M1 23:39:00 open=64166.00 live=64176.00 candle=green ema7=64180.5 ema21=64096.4 BULL -> hold
[20:39:05] candle is green -> no SELL (green, trend up)
[20:39:10] equity 990.21 (diff +0.00)
[20:39:10] candle is green -> no SELL (green, trend up)
[20:39:15] equity 990.21 (diff +0.00)
[20:39:15] candle is green -> no SELL (green, trend up)
[20:39:20] equity 990.21 (diff +0.00)
[20:39:20] candle is green -> no SELL (green, trend up)
[20:39:25] equity 990.21 (diff +0.00)
[20:39:25] candle is green -> no SELL (green, trend up)
[20:39:30] equity 990.21 (diff +0.00)
[20:39:30] candle is green -> no SELL (green, trend up)
[20:39:35] equity 990.21 (diff +0.00)
[20:39:35] candle is green -> no SELL (green, trend up)
[20:39:40] equity 990.21 (diff +0.00)
[20:39:40] candle is green -> no SELL (green, trend up)
[20:39:45] equity 990.21 (diff +0.00)
[20:39:45] candle is green -> no SELL (green, trend up)
[20:39:50] equity 990.21 (diff +0.00)
[20:39:50] candle is green -> no SELL (green, trend up)
[20:39:55] equity 990.21 (diff +0.00)
[20:39:55] candle is green -> no SELL (green, trend up)
[20:40:00] equity 990.21 (diff +0.00)
[20:40:00] candle is green -> no SELL (green, trend up)
[20:40:05] equity 990.21 (diff +0.00)
[20:40:05] M1 23:40:00 open=64196.00 live=64194.00 candle=red ema7=64188.3 ema21=64114.3 BULL -> hold
[20:40:10] equity 990.21 (diff +0.00)
[20:40:15] equity 990.21 (diff +0.00)
[20:40:15] candle is green -> no SELL (green, trend up)
[20:40:20] equity 990.21 (diff +0.00)
[20:40:20] candle is green -> no SELL (green, trend up)
[20:40:25] equity 990.21 (diff +0.00)
[20:40:25] candle is green -> no SELL (green, trend up)
[20:40:30] equity 990.21 (diff +0.00)
[20:40:35] equity 990.21 (diff +0.00)
[20:40:40] equity 990.21 (diff +0.00)
[20:40:46] equity 990.21 (diff +0.00)
[20:40:51] equity 990.21 (diff +0.00)
[20:40:56] equity 990.21 (diff +0.00)
[20:41:01] equity 990.21 (diff +0.00)
[20:41:01] M1 23:41:00 open=64189.00 live=64191.00 candle=green ema7=64187.6 ema21=64114.0 BULL -> hold
[20:41:01] candle is green -> no SELL (green, trend up)
[20:41:06] equity 990.21 (diff +0.00)
[20:41:06] candle is green -> no SELL (green, trend up)
[20:41:11] equity 990.21 (diff +0.00)
[20:41:11] candle is green -> no SELL (green, trend up)
[20:41:16] equity 990.21 (diff +0.00)
[20:41:16] candle is green -> no SELL (green, trend up)
[20:41:21] equity 990.21 (diff +0.00)
[20:41:21] candle is green -> no SELL (green, trend up)
[20:41:26] equity 990.21 (diff +0.00)
[20:41:31] equity 990.21 (diff +0.00)
[20:41:31] candle is green -> no SELL (green, trend up)
[20:41:36] equity 990.21 (diff +0.00)
[20:41:41] equity 990.21 (diff +0.00)
[20:41:46] equity 990.21 (diff +0.00)
[20:41:46] candle is green -> no SELL (green, trend up)
[20:41:51] equity 990.21 (diff +0.00)
[20:41:51] candle is green -> no SELL (green, trend up)
[20:41:56] equity 990.21 (diff +0.00)
[20:41:56] candle is green -> no SELL (green, trend up)
[20:42:01] equity 990.21 (diff +0.00)
[20:42:01] M1 23:42:00 open=64199.00 live=64194.00 candle=red ema7=64188.3 ema21=64114.3 BULL -> hold
[20:42:06] equity 990.21 (diff +0.00)
[20:42:11] equity 990.21 (diff +0.00)
[20:42:16] equity 990.21 (diff +0.00)
[20:42:21] equity 990.21 (diff +0.00)
[20:42:26] equity 990.21 (diff +0.00)
[20:42:31] equity 990.21 (diff +0.00)
[20:42:36] equity 990.21 (diff +0.00)
[20:42:41] equity 990.21 (diff +0.00)
[20:42:46] equity 990.21 (diff +0.00)
[20:42:51] equity 990.21 (diff +0.00)
[20:42:56] equity 990.21 (diff +0.00)
[20:43:01] equity 990.21 (diff +0.00)
[20:43:01] M1 23:43:00 open=64161.00 live=64166.00 candle=green ema7=64181.3 ema21=64111.7 BULL -> hold
[20:43:01] candle is green -> no SELL (green, trend up)
[20:43:06] equity 990.21 (diff +0.00)
[20:43:06] candle is green -> no SELL (green, trend up)
[20:43:11] equity 990.21 (diff +0.00)
[20:43:11] candle is green -> no SELL (green, trend up)
[20:43:16] equity 990.21 (diff +0.00)
[20:43:21] equity 990.21 (diff +0.00)
[20:43:21] candle is green -> no SELL (green, trend up)
[20:43:26] equity 990.21 (diff +0.00)
[20:43:26] candle is green -> no SELL (green, trend up)
[20:43:31] equity 990.21 (diff +0.00)
[20:43:31] candle is green -> no SELL (green, trend up)
[20:43:36] equity 990.21 (diff +0.00)
[20:43:36] candle is green -> no SELL (green, trend up)
[20:43:41] equity 990.21 (diff +0.00)
[20:43:41] candle is green -> no SELL (green, trend up)
[20:43:46] equity 990.21 (diff +0.00)
[20:43:46] candle is green -> no SELL (green, trend up)
[20:43:51] equity 990.21 (diff +0.00)
[20:43:51] candle is green -> no SELL (green, trend up)
[20:43:56] equity 990.21 (diff +0.00)
[20:43:56] candle is green -> no SELL (green, trend up)
[20:44:01] equity 990.21 (diff +0.00)
[20:44:01] M1 23:44:00 open=64171.00 live=64166.00 candle=red ema7=64181.3 ema21=64111.7 BULL -> hold
[20:44:06] equity 990.21 (diff +0.00)
[20:44:11] equity 990.21 (diff +0.00)
[20:44:16] equity 990.21 (diff +0.00)
[20:44:21] equity 990.21 (diff +0.00)
[20:44:26] equity 990.21 (diff +0.00)
[20:44:31] equity 990.21 (diff +0.00)
[20:44:36] equity 990.21 (diff +0.00)
[20:44:41] equity 990.21 (diff +0.00)
[20:44:46] equity 990.21 (diff +0.00)
[20:44:51] equity 990.21 (diff +0.00)
[20:44:56] equity 990.21 (diff +0.00)
[20:45:01] equity 990.21 (diff +0.00)
[20:45:01] M1 23:45:00 open=64154.00 live=64156.00 candle=green ema7=64172.8 ema21=64092.2 BULL -> hold
[20:45:01] candle is green -> no SELL (green, trend up)
[20:45:06] equity 990.21 (diff +0.00)
[20:45:06] candle is green -> no SELL (green, trend up)
[20:45:11] equity 990.21 (diff +0.00)
[20:45:16] equity 990.21 (diff +0.00)
[20:45:21] equity 990.21 (diff +0.00)
[20:45:26] equity 990.21 (diff +0.00)
[20:45:26] candle is green -> no SELL (green, trend up)
[20:45:31] equity 990.21 (diff +0.00)
[20:45:31] candle is green -> no SELL (green, trend up)
[20:45:36] equity 990.21 (diff +0.00)
[20:45:41] equity 990.21 (diff +0.00)
[20:45:41] candle is green -> no SELL (green, trend up)
[20:45:46] equity 990.21 (diff +0.00)
[20:45:51] equity 990.21 (diff +0.00)
[20:45:51] candle is green -> no SELL (green, trend up)
[20:45:56] equity 990.21 (diff +0.00)
[20:45:56] candle is green -> no SELL (green, trend up)
[20:46:01] equity 990.21 (diff +0.00)
[20:46:01] M1 23:46:00 open=64149.00 live=64149.00 candle=green ema7=64171.0 ema21=64091.6 BULL -> hold
[20:46:01] candle is green -> no SELL (green, trend up)
[20:46:07] equity 990.21 (diff +0.00)
[20:46:07] candle is green -> no SELL (green, trend up)
[20:46:12] equity 990.21 (diff +0.00)
[20:46:12] candle is green -> no SELL (green, trend up)
[20:46:17] equity 990.21 (diff +0.00)
[20:46:17] candle is green -> no SELL (green, trend up)
[20:46:22] equity 990.21 (diff +0.00)
[20:46:27] equity 990.21 (diff +0.00)
[20:46:32] equity 990.21 (diff +0.00)
[20:46:37] equity 990.21 (diff +0.00)
[20:46:42] equity 990.21 (diff +0.00)
[20:46:47] equity 990.21 (diff +0.00)
[20:46:52] equity 990.21 (diff +0.00)
[20:46:57] equity 990.21 (diff +0.00)
[20:47:02] equity 990.21 (diff +0.00)
[20:47:02] M1 23:47:00 open=64129.00 live=64129.00 candle=green ema7=64166.0 ema21=64089.7 BULL -> hold
[20:47:02] candle is green -> no SELL (green, trend up)
[20:47:07] equity 990.21 (diff +0.00)
[20:47:12] equity 990.21 (diff +0.00)
[20:47:12] candle is green -> no SELL (green, trend up)
[20:47:17] equity 990.21 (diff +0.00)
[20:47:17] candle is green -> no SELL (green, trend up)
[20:47:22] equity 990.21 (diff +0.00)
[20:47:27] equity 990.21 (diff +0.00)
[20:47:27] candle is green -> no SELL (green, trend up)
[20:47:32] equity 990.21 (diff +0.00)
[20:47:32] candle is green -> no SELL (green, trend up)
[20:47:37] equity 990.21 (diff +0.00)
[20:47:37] candle is green -> no SELL (green, trend up)
[20:47:42] equity 990.21 (diff +0.00)
[20:47:42] candle is green -> no SELL (green, trend up)
[20:47:47] equity 990.21 (diff +0.00)
[20:47:47] candle is green -> no SELL (green, trend up)
[20:47:52] equity 990.21 (diff +0.00)
[20:47:52] candle is green -> no SELL (green, trend up)
[20:47:57] equity 990.21 (diff +0.00)
[20:47:57] candle is green -> no SELL (green, trend up)
[20:48:02] equity 990.21 (diff +0.00)
[20:48:02] M1 23:48:00 open=64146.00 live=64144.00 candle=red ema7=64169.8 ema21=64091.1 BULL -> hold
[20:48:07] equity 990.21 (diff +0.00)
[20:48:12] equity 990.21 (diff +0.00)
[20:48:12] candle is green -> no SELL (green, trend up)
[20:48:17] equity 990.21 (diff +0.00)
[20:48:17] candle is green -> no SELL (green, trend up)
[20:48:22] equity 990.21 (diff +0.00)
[20:48:27] equity 990.21 (diff +0.00)
[20:48:32] equity 990.21 (diff +0.00)
[20:48:37] equity 990.21 (diff +0.00)
[20:48:37] candle is green -> no SELL (green, trend up)
[20:48:42] equity 990.21 (diff +0.00)
[20:48:42] candle is green -> no SELL (green, trend up)
[20:48:47] equity 990.21 (diff +0.00)
[20:48:47] candle is green -> no SELL (green, trend up)
[20:48:52] equity 990.21 (diff +0.00)
[20:48:57] equity 990.21 (diff +0.00)
[20:49:02] equity 990.21 (diff +0.00)
[20:49:02] M1 23:49:00 open=64139.00 live=64144.00 candle=green ema7=64169.8 ema21=64091.1 BULL -> hold
[20:49:02] candle is green -> no SELL (green, trend up)
[20:49:07] equity 990.21 (diff +0.00)
[20:49:12] equity 990.21 (diff +0.00)
[20:49:17] equity 990.21 (diff +0.00)
[20:49:22] equity 990.21 (diff +0.00)
[20:49:27] equity 990.21 (diff +0.00)
[20:49:32] equity 990.21 (diff +0.00)
[20:49:37] equity 990.21 (diff +0.00)
[20:49:42] equity 990.21 (diff +0.00)
[20:49:47] equity 990.21 (diff +0.00)
[20:49:52] equity 990.21 (diff +0.00)
[20:49:57] equity 990.21 (diff +0.00)
[20:50:02] equity 990.21 (diff +0.00)
[20:50:02] M1 23:50:00 open=64131.00 live=64124.00 candle=red ema7=64155.8 ema21=64113.7 BULL -> hold
[20:50:07] equity 990.21 (diff +0.00)
[20:50:12] equity 990.21 (diff +0.00)
[20:50:17] equity 990.21 (diff +0.00)
[20:50:22] equity 990.21 (diff +0.00)
[20:50:27] equity 990.21 (diff +0.00)
[20:50:32] equity 990.21 (diff +0.00)
[20:50:37] equity 990.21 (diff +0.00)
[20:50:42] equity 990.21 (diff +0.00)
[20:50:47] equity 990.21 (diff +0.00)
[20:50:52] equity 990.21 (diff +0.00)
[20:50:57] equity 990.21 (diff +0.00)
[20:51:02] equity 990.21 (diff +0.00)
[20:51:02] M1 23:51:00 open=64121.00 live=64114.00 candle=red ema7=64153.3 ema21=64112.8 BULL -> hold
[20:51:07] equity 990.21 (diff +0.00)
[20:51:12] equity 990.21 (diff +0.00)
[20:51:17] equity 990.21 (diff +0.00)
[20:51:22] equity 990.21 (diff +0.00)
[20:51:22] candle is green -> no SELL (green, trend up)
[20:51:27] equity 990.21 (diff +0.00)
[20:51:33] equity 990.21 (diff +0.00)
[20:51:38] equity 990.21 (diff +0.00)
[20:51:43] equity 990.21 (diff +0.00)
[20:51:48] equity 990.21 (diff +0.00)
[20:51:53] equity 990.21 (diff +0.00)
[20:51:58] equity 990.21 (diff +0.00)
[20:52:03] equity 990.21 (diff +0.00)
[20:52:03] M1 23:52:00 open=64114.00 live=64116.00 candle=green ema7=64153.8 ema21=64113.0 BULL -> hold
[20:52:03] candle is green -> no SELL (green, trend up)
[20:52:08] equity 990.21 (diff +0.00)
[20:52:08] candle is green -> no SELL (green, trend up)
[20:52:13] equity 990.21 (diff +0.00)
[20:52:13] candle is green -> no SELL (green, trend up)
[20:52:18] equity 990.21 (diff +0.00)
[20:52:18] candle is green -> no SELL (green, trend up)
[20:52:23] equity 990.21 (diff +0.00)
[20:52:23] candle is green -> no SELL (green, trend up)
[20:52:28] equity 990.21 (diff +0.00)
[20:52:28] candle is green -> no SELL (green, trend up)
[20:52:33] equity 990.21 (diff +0.00)
[20:52:33] candle is green -> no SELL (green, trend up)
[20:52:38] equity 990.21 (diff +0.00)
[20:52:43] equity 990.21 (diff +0.00)
[20:52:48] equity 990.21 (diff +0.00)
[20:52:53] equity 990.21 (diff +0.00)
[20:52:58] equity 990.21 (diff +0.00)
[20:53:03] equity 990.21 (diff +0.00)
[20:53:03] M1 23:53:00 open=64096.00 live=64099.00 candle=green ema7=64149.6 ema21=64111.5 BULL -> hold
[20:53:03] candle is green -> no SELL (green, trend up)
[20:53:08] equity 990.21 (diff +0.00)
[20:53:13] equity 990.21 (diff +0.00)
[20:53:18] equity 990.21 (diff +0.00)
[20:53:23] equity 990.21 (diff +0.00)
[20:53:28] equity 990.21 (diff +0.00)
[20:53:33] equity 990.21 (diff +0.00)
[20:53:38] equity 990.21 (diff +0.00)
[20:53:43] equity 990.21 (diff +0.00)
[20:53:48] equity 990.21 (diff +0.00)
[20:53:53] equity 990.21 (diff +0.00)
[20:53:58] equity 990.21 (diff +0.00)
[20:54:03] equity 990.21 (diff +0.00)
[20:54:03] M1 23:54:00 open=64084.00 live=64084.00 candle=green ema7=64145.8 ema21=64110.1 BULL -> hold
[20:54:03] candle is green -> no SELL (green, trend up)
[20:54:08] equity 990.21 (diff +0.00)
[20:54:08] candle is green -> no SELL (green, trend up)
[20:54:13] equity 990.21 (diff +0.00)
[20:54:13] candle is green -> no SELL (green, trend up)
[20:54:18] equity 990.21 (diff +0.00)
[20:54:18] candle is green -> no SELL (green, trend up)
[20:54:23] equity 990.21 (diff +0.00)
[20:54:23] candle is green -> no SELL (green, trend up)
[20:54:28] equity 990.21 (diff +0.00)
[20:54:33] equity 990.21 (diff +0.00)
[20:54:38] equity 990.21 (diff +0.00)
[20:54:43] equity 990.21 (diff +0.00)
[20:54:48] equity 990.21 (diff +0.00)
[20:54:53] equity 990.21 (diff +0.00)
[20:54:58] equity 990.21 (diff +0.00)
[20:55:03] equity 990.21 (diff +0.00)
[20:55:03] M1 23:55:00 open=64066.00 live=64069.00 candle=green ema7=64124.1 ema21=64125.4 BEAR -> hold
[20:55:03] candle is green -> no SELL (green, trend up)
[20:55:08] equity 990.21 (diff +0.00)
[20:55:08] SELL opened. ticket=948353976, price=64064.0
[20:55:13] equity 990.20 (diff +-0.01)
[20:55:13] candle is green -> no SELL (green, trend up)
[20:55:18] equity 990.20 (diff +-0.01)
[20:55:19] SELL opened. ticket=948354091, price=64064.0
[20:55:24] equity 990.19 (diff +-0.02)
[20:55:24] SELL opened. ticket=948354153, price=64061.0
[20:55:29] equity 990.18 (diff +-0.03)
[20:55:29] candle is green -> no SELL (green, trend up)
[20:55:34] equity 990.18 (diff +-0.03)
[20:55:34] candle is green -> no SELL (green, trend up)
[20:55:39] equity 990.20 (diff +-0.01)
[20:55:39] SELL opened. ticket=948354346, price=64059.0
[20:55:44] equity 990.19 (diff +-0.02)
[20:55:44] SELL opened. ticket=948354421, price=64059.0
[20:55:49] equity 990.18 (diff +-0.03)
[20:55:49] SELL opened. ticket=948354482, price=64059.0
[20:55:54] equity 990.18 (diff +-0.03)
[20:55:54] SELL opened. ticket=948354551, price=64056.0
[20:55:59] equity 990.23 (diff +0.02)
[20:56:00] SELL opened. ticket=948354648, price=64049.0
[20:56:05] equity 990.29 (diff +0.08)
[20:56:05] M1 23:56:00 open=64044.00 live=64036.00 candle=red ema7=64115.8 ema21=64122.4 BEAR -> follow SELL
[20:56:05] SELL opened. ticket=948354787, price=64039.0
[20:56:10] equity 990.31 (diff +0.10)
[20:56:10] SELL opened. ticket=948354870, price=64029.0
[20:56:15] equity 990.39 (diff +0.18)
[20:56:15] SELL opened. ticket=948354952, price=64024.0
[20:56:20] equity 990.29 (diff +0.08)
[20:56:20] SELL opened. ticket=948355003, price=64029.0
[20:56:25] equity 990.14 (diff +-0.07)
[20:56:25] candle is green -> no SELL (green, trend up)
[20:56:30] equity 990.11 (diff +-0.10)
[20:56:30] candle is green -> no SELL (green, trend up)
[20:56:35] equity 990.14 (diff +-0.07)
[20:56:35] candle is green -> no SELL (green, trend up)
[20:56:40] equity 990.14 (diff +-0.07)
[20:56:40] candle is green -> no SELL (green, trend up)
[20:56:45] equity 990.11 (diff +-0.10)
[20:56:45] candle is green -> no SELL (green, trend up)
[20:56:50] equity 990.11 (diff +-0.10)
[20:56:50] candle is green -> no SELL (green, trend up)
[20:56:55] equity 990.14 (diff +-0.07)
[20:56:55] candle is green -> no SELL (green, trend up)
[20:57:00] equity 990.14 (diff +-0.07)
[20:57:00] M1 23:57:00 open=64051.00 live=64051.00 candle=green ema7=64119.6 ema21=64123.8 BEAR -> hold
[20:57:00] candle is green -> no SELL (green, trend up)
[20:57:05] equity 990.23 (diff +0.02)
[20:57:06] SELL opened. ticket=948355804, price=64041.0
[20:57:11] equity 990.22 (diff +0.01)
[20:57:11] SELL opened. ticket=948356017, price=64041.0
[20:57:16] equity 990.20 (diff +-0.01)
[20:57:16] SELL opened. ticket=948356255, price=64044.0
[20:57:21] equity 990.20 (diff +-0.01)
[20:57:21] SELL opened. ticket=948356321, price=64041.0
[20:57:26] equity 990.19 (diff +-0.02)
[20:57:26] SELL opened. ticket=948356492, price=64041.0
[20:57:31] equity 990.25 (diff +0.04)
[20:57:32] SELL opened. ticket=948356659, price=64034.0
[20:57:37] equity 990.19 (diff +-0.02)
[20:57:37] SELL opened. ticket=948356966, price=64039.0
[20:57:42] equity 990.15 (diff +-0.06)
[20:57:42] SELL opened. ticket=948357338, price=64044.0
[20:57:47] equity 990.14 (diff +-0.07)
[20:57:47] SELL opened. ticket=948357423, price=64044.0
[20:57:52] equity 990.06 (diff +-0.15)
[20:57:52] SELL opened. ticket=948357521, price=64049.0
[20:57:57] equity 990.09 (diff +-0.12)
[20:57:58] SELL opened. ticket=948357635, price=64046.0
[20:58:03] equity 990.08 (diff +-0.13)
[20:58:03] SELL opened. ticket=948357723, price=64046.0
[20:58:08] equity 990.24 (diff +0.03)
[20:58:08] M1 23:58:00 open=64041.00 live=64036.00 candle=red ema7=64115.8 ema21=64122.4 BEAR -> follow SELL
[20:58:08] SELL opened. ticket=948357821, price=64039.0
[20:58:13] equity 990.26 (diff +0.05)
[20:58:13] SELL opened. ticket=948357886, price=64034.0
[20:58:18] equity 990.22 (diff +0.01)
[20:58:18] SELL opened. ticket=948357957, price=64036.0
[20:58:23] equity 990.21 (diff +0.00)
[20:58:23] SELL opened. ticket=948358012, price=64036.0
[20:58:29] equity 990.20 (diff +-0.01)
[20:58:29] SELL opened. ticket=948358077, price=64036.0
[20:58:34] equity 990.19 (diff +-0.02)
[20:58:34] SELL opened. ticket=948358152, price=64036.0
[20:58:39] equity 990.08 (diff +-0.13)
[20:58:39] candle is green -> no SELL (green, trend up)
[20:58:44] equity 990.12 (diff +-0.09)
[20:58:44] SELL opened. ticket=948358256, price=64039.0
[20:58:49] equity 990.17 (diff +-0.04)
[20:58:49] TIME STOP: reached 30 minutes. Closing all positions and exiting.
[20:58:49] closed 948353976 (sell) @ 64044.00
[20:58:49] closed 948354091 (sell) @ 64047.00
[20:58:50] closed 948354153 (sell) @ 64044.00
[20:58:50] closed 948354346 (sell) @ 64044.00
[20:58:50] closed 948354421 (sell) @ 64044.00
[20:58:50] closed 948354482 (sell) @ 64044.00
[20:58:50] closed 948354551 (sell) @ 64044.00
[20:58:50] closed 948354648 (sell) @ 64042.00
[20:58:51] closed 948354787 (sell) @ 64042.00
[20:58:51] closed 948354870 (sell) @ 64042.00
[20:58:51] closed 948354952 (sell) @ 64042.00
[20:58:51] closed 948355003 (sell) @ 64042.00
[20:58:51] closed 948355804 (sell) @ 64042.00
[20:58:52] closed 948356017 (sell) @ 64042.00
[20:58:52] closed 948356255 (sell) @ 64042.00
[20:58:52] closed 948356321 (sell) @ 64042.00
[20:58:52] closed 948356492 (sell) @ 64042.00
[20:58:52] closed 948356659 (sell) @ 64044.00
[20:58:52] closed 948356966 (sell) @ 64042.00
[20:58:53] closed 948357338 (sell) @ 64042.00
[20:58:53] closed 948357423 (sell) @ 64042.00
[20:58:53] closed 948357521 (sell) @ 64042.00
[20:58:53] closed 948357635 (sell) @ 64042.00
[20:58:53] closed 948357723 (sell) @ 64042.00
[20:58:53] closed 948357821 (sell) @ 64042.00
[20:58:54] closed 948357886 (sell) @ 64042.00
[20:58:54] closed 948357957 (sell) @ 64044.00
[20:58:54] closed 948358012 (sell) @ 64042.00
[20:58:54] closed 948358077 (sell) @ 64042.00
[20:58:54] closed 948358152 (sell) @ 64044.00
[20:58:55] closed 948358256 (sell) @ 64042.00
[20:58:55] closed 31/31 positions
[20:58:55] Stopped.
