Script       : trade_auto
Session      : 32
Direction    : SELL
Symbol       : JP225Cash
Lot          : 0.1
Session start: 2026-09-03 08:09:26
Session end  : 2026-09-03 08:11:58
Duration     : 151.7s
Outcome      : LOSS
----------------------------------------------------------------------
[08:09:26] === Session 32: choosing direction from M5 trend ===
[08:09:26] Session 32 direction = SELL (EMA7 < EMA21). Equity start = 968.75
[08:09:26] equity 968.75 (diff +0.00)
[08:09:26] M1 11:09:00 open=64357.00 live=64314.00 candle=red ema7=64517.7 ema21=64563.2 BEAR -> session=SELL
[08:09:27] SELL opened. ticket=948999581, price=64312.0
[08:09:32] equity 968.74 (diff -0.01)
[08:09:32] SELL opened. ticket=948999629, price=64322.0
[08:09:37] equity 968.73 (diff -0.02)
[08:09:37] SELL opened. ticket=948999660, price=64327.0
[08:09:42] equity 968.71 (diff -0.04)
[08:09:42] SELL opened. ticket=948999690, price=64334.0
[08:09:47] equity 968.68 (diff -0.07)
[08:09:47] SELL opened. ticket=948999713, price=64342.0
[08:09:52] equity 968.67 (diff -0.08)
[08:09:53] SELL opened. ticket=948999767, price=64342.0
[08:09:58] equity 968.62 (diff -0.13)
[08:09:58] SELL opened. ticket=948999777, price=64354.0
[08:10:03] equity 968.61 (diff -0.14)
[08:10:03] M1 11:10:00 open=64359.00 live=64354.00 candle=red ema7=64484.7 ema21=64543.1 BEAR -> session=SELL
[08:10:03] SELL opened. ticket=948999802, price=64349.0
[08:10:08] equity 968.65 (diff -0.10)
[08:10:08] SELL opened. ticket=948999839, price=64349.0
[08:10:13] equity 968.59 (diff -0.16)
[08:10:13] SELL opened. ticket=948999854, price=64357.0
[08:10:18] equity 968.49 (diff -0.26)
[08:10:18] session=SELL but candle=green ema7=64488.5 ema21=64544.5 BEAR -> no trade this tick
[08:10:23] equity 968.55 (diff -0.20)
[08:10:23] SELL opened. ticket=948999907, price=64357.0
[08:10:28] equity 968.54 (diff -0.21)
[08:10:29] SELL opened. ticket=948999922, price=64354.0
[08:10:34] equity 968.52 (diff -0.23)
[08:10:34] session=SELL but candle=green ema7=64487.2 ema21=64544.0 BEAR -> no trade this tick
[08:10:39] equity 968.27 (diff -0.48)
[08:10:39] session=SELL but candle=green ema7=64495.5 ema21=64547.0 BEAR -> no trade this tick
[08:10:44] equity 968.16 (diff -0.59)
[08:10:44] session=SELL but candle=green ema7=64499.2 ema21=64548.4 BEAR -> no trade this tick
[08:10:49] equity 968.16 (diff -0.59)
[08:10:49] session=SELL but candle=green ema7=64499.2 ema21=64548.4 BEAR -> no trade this tick
[08:10:54] equity 967.99 (diff -0.76)
[08:10:54] session=SELL but candle=green ema7=64504.2 ema21=64550.2 BEAR -> no trade this tick
[08:10:59] equity 968.02 (diff -0.73)
[08:10:59] session=SELL but candle=green ema7=64503.5 ema21=64549.9 BEAR -> no trade this tick
[08:11:04] equity 967.96 (diff -0.79)
[08:11:04] M1 11:11:00 open=64432.00 live=64437.00 candle=green ema7=64505.5 ema21=64550.6 BEAR -> session=SELL
[08:11:04] session=SELL but candle=green ema7=64505.5 ema21=64550.6 BEAR -> no trade this tick
[08:11:09] equity 967.82 (diff -0.93)
[08:11:09] session=SELL but candle=green ema7=64509.7 ema21=64552.2 BEAR -> no trade this tick
[08:11:14] equity 967.90 (diff -0.85)
[08:11:14] session=SELL but candle=green ema7=64508.0 ema21=64551.5 BEAR -> no trade this tick
[08:11:19] equity 968.16 (diff -0.59)
[08:11:19] SELL opened. ticket=949000518, price=64417.0
[08:11:24] equity 968.27 (diff -0.48)
[08:11:24] SELL opened. ticket=949000603, price=64399.0
[08:11:29] equity 968.31 (diff -0.44)
[08:11:29] SELL opened. ticket=949000715, price=64392.0
[08:11:34] equity 968.13 (diff -0.62)
[08:11:34] SELL opened. ticket=949000797, price=64422.0
[08:11:39] equity 968.03 (diff -0.72)
[08:11:39] SELL opened. ticket=949000940, price=64417.0
[08:11:44] equity 968.19 (diff -0.56)
[08:11:45] SELL opened. ticket=949000999, price=64407.0
[08:11:50] equity 967.92 (diff -0.83)
[08:11:50] SELL opened. ticket=949001045, price=64432.0
[08:11:55] equity 967.59 (diff -1.16)
[08:11:55] STOP: equity diff -1.16 <= -1.00. Closing all positions.
[08:11:55] closed 948999581 (sell) @ 64462.00
[08:11:55] closed 948999629 (sell) @ 64462.00
[08:11:55] closed 948999660 (sell) @ 64465.00
[08:11:56] closed 948999690 (sell) @ 64467.00
[08:11:56] closed 948999713 (sell) @ 64470.00
[08:11:56] closed 948999767 (sell) @ 64470.00
[08:11:56] closed 948999777 (sell) @ 64467.00
[08:11:56] closed 948999802 (sell) @ 64467.00
[08:11:56] closed 948999839 (sell) @ 64470.00
[08:11:57] closed 948999854 (sell) @ 64475.00
[08:11:57] closed 948999907 (sell) @ 64475.00
[08:11:57] closed 948999922 (sell) @ 64475.00
[08:11:57] closed 949000518 (sell) @ 64475.00
[08:11:57] closed 949000603 (sell) @ 64475.00
[08:11:57] closed 949000715 (sell) @ 64475.00
[08:11:58] closed 949000797 (sell) @ 64477.00
[08:11:58] closed 949000940 (sell) @ 64475.00
[08:11:58] closed 949000999 (sell) @ 64475.00
[08:11:58] closed 949001045 (sell) @ 64475.00
[08:11:58] closed 19/19 positions
[08:11:58] --- Session 32 finished: LOSS ---
