Script       : trade_auto
Session      : 17
Direction    : BUY
Symbol       : JP225Cash
Lot          : 0.1
Session start: 2026-09-03 03:53:51
Session end  : 2026-09-03 04:00:36
Duration     : 405.8s
Outcome      : LOSS
----------------------------------------------------------------------
[03:53:51] === Session 17: choosing direction from M5 trend ===
[03:53:51] Session 17 direction = BUY (EMA7 > EMA21). Equity start = 986.06
[03:53:51] equity 986.06 (diff +0.00)
[03:53:51] M1 06:53:00 open=64776.00 live=64764.00 candle=red ema7=64762.2 ema21=64730.5 BULL -> session=BUY
[03:53:51] session=BUY but candle=red ema7=64762.2 ema21=64730.5 BULL -> no trade this tick
[03:53:56] equity 986.06 (diff +0.00)
[03:53:56] session=BUY but candle=red ema7=64762.2 ema21=64730.5 BULL -> no trade this tick
[03:54:01] equity 986.06 (diff +0.00)
[03:54:01] M1 06:54:00 open=64769.00 live=64771.00 candle=green ema7=64763.9 ema21=64731.2 BULL -> session=BUY
[03:54:01] BUY opened. ticket=948912633, price=64779.0
[03:54:06] equity 986.05 (diff -0.01)
[03:54:06] session=BUY but candle=red ema7=64763.4 ema21=64731.0 BULL -> no trade this tick
[03:54:11] equity 986.05 (diff -0.01)
[03:54:11] session=BUY but candle=red ema7=64762.7 ema21=64730.7 BULL -> no trade this tick
[03:54:16] equity 986.05 (diff -0.01)
[03:54:16] session=BUY but candle=red ema7=64763.4 ema21=64731.0 BULL -> no trade this tick
[03:54:21] equity 986.05 (diff -0.01)
[03:54:21] session=BUY but candle=red ema7=64763.4 ema21=64731.0 BULL -> no trade this tick
[03:54:26] equity 986.05 (diff -0.01)
[03:54:26] session=BUY but candle=red ema7=64763.4 ema21=64731.0 BULL -> no trade this tick
[03:54:31] equity 986.05 (diff -0.01)
[03:54:31] session=BUY but candle=red ema7=64763.4 ema21=64731.0 BULL -> no trade this tick
[03:54:36] equity 986.05 (diff -0.01)
[03:54:36] session=BUY but candle=red ema7=64763.4 ema21=64731.0 BULL -> no trade this tick
[03:54:41] equity 986.05 (diff -0.01)
[03:54:41] BUY opened. ticket=948912942, price=64779.0
[03:54:46] equity 986.04 (diff -0.02)
[03:54:46] BUY opened. ticket=948912968, price=64782.0
[03:54:51] equity 986.09 (diff +0.03)
[03:54:51] BUY opened. ticket=948913001, price=64802.0
[03:54:56] equity 986.07 (diff +0.01)
[03:54:57] BUY opened. ticket=948913036, price=64797.0
[03:55:02] equity 986.04 (diff -0.02)
[03:55:02] M1 06:55:00 open=64784.00 live=64781.00 candle=red ema7=64770.0 ema21=64734.3 BULL -> session=BUY
[03:55:02] session=BUY but candle=red ema7=64770.0 ema21=64734.3 BULL -> no trade this tick
[03:55:07] equity 985.94 (diff -0.12)
[03:55:07] session=BUY but candle=red ema7=64763.3 ema21=64731.9 BULL -> no trade this tick
[03:55:12] equity 985.94 (diff -0.12)
[03:55:12] session=BUY but candle=red ema7=64762.0 ema21=64731.4 BULL -> no trade this tick
[03:55:17] equity 985.94 (diff -0.12)
[03:55:17] session=BUY but candle=red ema7=64762.0 ema21=64731.4 BULL -> no trade this tick
[03:55:22] equity 985.96 (diff -0.10)
[03:55:22] session=BUY but candle=red ema7=64763.8 ema21=64732.0 BULL -> no trade this tick
[03:55:27] equity 985.96 (diff -0.10)
[03:55:27] session=BUY but candle=red ema7=64763.8 ema21=64732.0 BULL -> no trade this tick
[03:55:32] equity 985.94 (diff -0.12)
[03:55:32] session=BUY but candle=red ema7=64762.5 ema21=64731.6 BULL -> no trade this tick
[03:55:37] equity 985.96 (diff -0.10)
[03:55:37] session=BUY but candle=red ema7=64763.8 ema21=64732.0 BULL -> no trade this tick
[03:55:42] equity 985.98 (diff -0.08)
[03:55:42] session=BUY but candle=red ema7=64765.8 ema21=64732.8 BULL -> no trade this tick
[03:55:47] equity 985.97 (diff -0.09)
[03:55:47] session=BUY but candle=red ema7=64765.0 ema21=64732.5 BULL -> no trade this tick
[03:55:52] equity 985.96 (diff -0.10)
[03:55:52] session=BUY but candle=red ema7=64763.8 ema21=64732.0 BULL -> no trade this tick
[03:55:57] equity 985.97 (diff -0.09)
[03:55:57] session=BUY but candle=red ema7=64765.0 ema21=64732.5 BULL -> no trade this tick
[03:56:02] equity 985.97 (diff -0.09)
[03:56:02] M1 06:56:00 open=64759.00 live=64759.00 candle=red ema7=64764.5 ema21=64732.3 BULL -> session=BUY
[03:56:02] session=BUY but candle=red ema7=64764.5 ema21=64732.3 BULL -> no trade this tick
[03:56:07] equity 985.94 (diff -0.12)
[03:56:07] session=BUY but candle=red ema7=64763.3 ema21=64731.9 BULL -> no trade this tick
[03:56:12] equity 985.94 (diff -0.12)
[03:56:12] session=BUY but candle=red ema7=64763.3 ema21=64731.9 BULL -> no trade this tick
[03:56:17] equity 985.94 (diff -0.12)
[03:56:17] session=BUY but candle=red ema7=64762.5 ema21=64731.6 BULL -> no trade this tick
[03:56:22] equity 985.94 (diff -0.12)
[03:56:22] session=BUY but candle=red ema7=64762.0 ema21=64731.4 BULL -> no trade this tick
[03:56:27] equity 985.90 (diff -0.16)
[03:56:27] session=BUY but candle=red ema7=64760.8 ema21=64731.0 BULL -> no trade this tick
[03:56:32] equity 985.92 (diff -0.14)
[03:56:32] session=BUY but candle=red ema7=64761.3 ema21=64731.1 BULL -> no trade this tick
[03:56:37] equity 985.90 (diff -0.16)
[03:56:37] session=BUY but candle=red ema7=64760.8 ema21=64731.0 BULL -> no trade this tick
[03:56:42] equity 985.94 (diff -0.12)
[03:56:42] session=BUY but candle=red ema7=64762.5 ema21=64731.6 BULL -> no trade this tick
[03:56:47] equity 985.94 (diff -0.12)
[03:56:47] session=BUY but candle=red ema7=64762.5 ema21=64731.6 BULL -> no trade this tick
[03:56:52] equity 985.96 (diff -0.10)
[03:56:52] session=BUY but candle=red ema7=64763.8 ema21=64732.0 BULL -> no trade this tick
[03:56:57] equity 985.97 (diff -0.09)
[03:56:57] session=BUY but candle=red ema7=64764.5 ema21=64732.3 BULL -> no trade this tick
[03:57:02] equity 985.99 (diff -0.07)
[03:57:02] M1 06:57:00 open=64761.00 live=64771.00 candle=green ema7=64767.5 ema21=64733.4 BULL -> session=BUY
[03:57:02] BUY opened. ticket=948913947, price=64779.0
[03:57:07] equity 985.98 (diff -0.08)
[03:57:07] BUY opened. ticket=948913978, price=64779.0
[03:57:12] equity 985.96 (diff -0.10)
[03:57:12] BUY opened. ticket=948914018, price=64774.0
[03:57:17] equity 985.95 (diff -0.11)
[03:57:17] BUY opened. ticket=948914069, price=64772.0
[03:57:22] equity 985.94 (diff -0.12)
[03:57:23] BUY opened. ticket=948914278, price=64774.0
[03:57:28] equity 985.93 (diff -0.13)
[03:57:28] BUY opened. ticket=948914314, price=64774.0
[03:57:33] equity 985.91 (diff -0.15)
[03:57:33] session=BUY but candle=red ema7=64764.5 ema21=64732.3 BULL -> no trade this tick
[03:57:38] equity 985.91 (diff -0.15)
[03:57:38] session=BUY but candle=red ema7=64765.0 ema21=64732.5 BULL -> no trade this tick
[03:57:43] equity 985.91 (diff -0.15)
[03:57:43] session=BUY but candle=red ema7=64765.0 ema21=64732.5 BULL -> no trade this tick
[03:57:48] equity 985.91 (diff -0.15)
[03:57:48] session=BUY but candle=red ema7=64764.5 ema21=64732.3 BULL -> no trade this tick
[03:57:53] equity 985.86 (diff -0.20)
[03:57:53] session=BUY but candle=red ema7=64763.3 ema21=64731.9 BULL -> no trade this tick
[03:57:58] equity 985.86 (diff -0.20)
[03:57:58] session=BUY but candle=red ema7=64762.5 ema21=64731.6 BULL -> no trade this tick
[03:58:03] equity 985.80 (diff -0.26)
[03:58:03] M1 06:58:00 open=64749.00 live=64746.00 candle=red ema7=64761.3 ema21=64731.1 BULL -> session=BUY
[03:58:03] session=BUY but candle=red ema7=64761.3 ema21=64731.1 BULL -> no trade this tick
[03:58:08] equity 985.86 (diff -0.20)
[03:58:08] BUY opened. ticket=948914659, price=64759.0
[03:58:13] equity 985.90 (diff -0.16)
[03:58:13] BUY opened. ticket=948914688, price=64764.0
[03:58:18] equity 985.90 (diff -0.16)
[03:58:18] BUY opened. ticket=948914730, price=64767.0
[03:58:23] equity 985.89 (diff -0.17)
[03:58:23] BUY opened. ticket=948914778, price=64767.0
[03:58:28] equity 985.69 (diff -0.37)
[03:58:28] session=BUY but candle=red ema7=64760.0 ema21=64730.7 BULL -> no trade this tick
[03:58:33] equity 985.64 (diff -0.42)
[03:58:33] session=BUY but candle=red ema7=64758.8 ema21=64730.2 BULL -> no trade this tick
[03:58:38] equity 985.64 (diff -0.42)
[03:58:38] session=BUY but candle=red ema7=64758.8 ema21=64730.2 BULL -> no trade this tick
[03:58:43] equity 985.63 (diff -0.43)
[03:58:43] session=BUY but candle=red ema7=64758.3 ema21=64730.0 BULL -> no trade this tick
[03:58:48] equity 985.69 (diff -0.37)
[03:58:48] session=BUY but candle=red ema7=64760.0 ema21=64730.7 BULL -> no trade this tick
[03:58:54] equity 985.72 (diff -0.34)
[03:58:54] session=BUY but candle=red ema7=64760.8 ema21=64731.0 BULL -> no trade this tick
[03:58:59] equity 985.65 (diff -0.41)
[03:58:59] session=BUY but candle=red ema7=64759.5 ema21=64730.5 BULL -> no trade this tick
[03:59:04] equity 985.61 (diff -0.45)
[03:59:04] M1 06:59:00 open=64734.00 live=64731.00 candle=red ema7=64757.5 ema21=64729.8 BULL -> session=BUY
[03:59:04] session=BUY but candle=red ema7=64757.5 ema21=64729.8 BULL -> no trade this tick
[03:59:09] equity 985.61 (diff -0.45)
[03:59:09] session=BUY but candle=red ema7=64757.5 ema21=64729.8 BULL -> no trade this tick
[03:59:14] equity 985.60 (diff -0.46)
[03:59:14] session=BUY but candle=red ema7=64757.0 ema21=64729.6 BULL -> no trade this tick
[03:59:19] equity 985.47 (diff -0.59)
[03:59:19] session=BUY but candle=red ema7=64753.3 ema21=64728.2 BULL -> no trade this tick
[03:59:24] equity 985.47 (diff -0.59)
[03:59:24] session=BUY but candle=red ema7=64753.3 ema21=64728.2 BULL -> no trade this tick
[03:59:29] equity 985.47 (diff -0.59)
[03:59:29] session=BUY but candle=red ema7=64753.3 ema21=64728.2 BULL -> no trade this tick
[03:59:34] equity 985.37 (diff -0.69)
[03:59:34] session=BUY but candle=red ema7=64750.8 ema21=64727.3 BULL -> no trade this tick
[03:59:39] equity 985.43 (diff -0.63)
[03:59:39] session=BUY but candle=red ema7=64752.0 ema21=64727.8 BULL -> no trade this tick
[03:59:44] equity 985.60 (diff -0.46)
[03:59:44] session=BUY but candle=red ema7=64757.0 ema21=64729.6 BULL -> no trade this tick
[03:59:49] equity 985.53 (diff -0.53)
[03:59:49] session=BUY but candle=red ema7=64755.8 ema21=64729.1 BULL -> no trade this tick
[03:59:54] equity 985.53 (diff -0.53)
[03:59:54] session=BUY but candle=red ema7=64755.8 ema21=64729.1 BULL -> no trade this tick
[03:59:59] equity 985.64 (diff -0.42)
[03:59:59] BUY opened. ticket=948916086, price=64747.0
[04:00:04] equity 985.59 (diff -0.47)
[04:00:04] M1 07:00:00 open=64739.00 live=64729.00 candle=red ema7=64751.4 ema21=64735.6 BULL -> session=BUY
[04:00:04] session=BUY but candle=red ema7=64751.4 ema21=64735.6 BULL -> no trade this tick
[04:00:09] equity 985.47 (diff -0.59)
[04:00:09] session=BUY but candle=red ema7=64748.9 ema21=64734.7 BULL -> no trade this tick
[04:00:14] equity 985.62 (diff -0.44)
[04:00:14] session=BUY but candle=red ema7=64752.7 ema21=64736.1 BULL -> no trade this tick
[04:00:19] equity 985.20 (diff -0.86)
[04:00:19] session=BUY but candle=red ema7=64741.9 ema21=64732.2 BULL -> no trade this tick
[04:00:24] equity 985.20 (diff -0.86)
[04:00:24] session=BUY but candle=red ema7=64741.9 ema21=64732.2 BULL -> no trade this tick
[04:00:29] equity 985.20 (diff -0.86)
[04:00:29] session=BUY but candle=red ema7=64741.9 ema21=64732.2 BULL -> no trade this tick
[04:00:34] equity 985.02 (diff -1.04)
[04:00:34] STOP: equity diff -1.04 <= -1.00. Closing all positions.
[04:00:34] closed 948912633 (buy) @ 64671.00
[04:00:34] closed 948912942 (buy) @ 64671.00
[04:00:34] closed 948912968 (buy) @ 64671.00
[04:00:34] closed 948913001 (buy) @ 64671.00
[04:00:35] closed 948913036 (buy) @ 64666.00
[04:00:35] closed 948913947 (buy) @ 64666.00
[04:00:35] closed 948913978 (buy) @ 64666.00
[04:00:35] closed 948914018 (buy) @ 64666.00
[04:00:35] closed 948914069 (buy) @ 64666.00
[04:00:35] closed 948914278 (buy) @ 64666.00
[04:00:36] closed 948914314 (buy) @ 64666.00
[04:00:36] closed 948914659 (buy) @ 64666.00
[04:00:36] closed 948914688 (buy) @ 64666.00
[04:00:36] closed 948914730 (buy) @ 64666.00
[04:00:36] closed 948914778 (buy) @ 64674.00
[04:00:36] closed 948916086 (buy) @ 64674.00
[04:00:36] closed 16/16 positions
[04:00:36] --- Session 17 finished: LOSS ---
