Script       : trade_sell_green
Symbol       : JP225Cash
Lot          : 0.1
Session start: 2026-09-02 12:08:14
Session end  : 2026-09-02 13:11:02
Duration     : 3768.8s
Outcome      : LOSS
----------------------------------------------------------------------
[12:08:14] MT5 initialized: (500, 6140, '21 Aug 2026')
[12:08:14] Account 334072459 on XMGlobal-MT5 9, equity start = 993.18 USD
[12:08:14] Trading JP225Cash @ 64247.00/64255.00, lot 0.1
[12:08:14] Running (sell on green M1 candles at :57, stop if equity <= 992.18 or >= 998.18 from start).
[12:08:14] equity 993.18 (diff +0.00)
[12:08:57] equity 993.18 (diff +0.00)
[12:08:57] M1 15:08:00 open=64249.00 live=64277.00 bid=64277.00 ask=64285.00 candle=green -> open SELL
[12:08:57] SELL opened. ticket=947778896, price=64277.0
[12:09:57] equity 993.19 (diff +0.01)
[12:09:57] M1 15:09:00 open=64277.00 live=64252.00 bid=64252.00 ask=64260.00 candle=red -> skip (not green)
[12:09:57] candle is red -> skipped (no trade this minute)
[12:10:57] equity 993.19 (diff +0.01)
[12:10:57] M1 15:10:00 open=64250.00 live=64247.00 bid=64247.00 ask=64255.00 candle=red -> skip (not green)
[12:10:57] candle is red -> skipped (no trade this minute)
[12:11:57] equity 993.21 (diff +0.03)
[12:11:57] M1 15:11:00 open=64242.00 live=64220.00 bid=64220.00 ask=64228.00 candle=red -> skip (not green)
[12:11:57] candle is red -> skipped (no trade this minute)
[12:12:57] equity 993.21 (diff +0.03)
[12:12:57] M1 15:12:00 open=64223.00 live=64220.00 bid=64220.00 ask=64228.00 candle=red -> skip (not green)
[12:12:57] candle is red -> skipped (no trade this minute)
[12:13:57] equity 993.20 (diff +0.02)
[12:13:57] M1 15:13:00 open=64218.00 live=64235.00 bid=64235.00 ask=64243.00 candle=green -> open SELL
[12:13:57] SELL opened. ticket=947782631, price=64235.0
[12:14:57] equity 993.16 (diff +-0.02)
[12:14:57] M1 15:14:00 open=64243.00 live=64265.00 bid=64265.00 ask=64273.00 candle=green -> open SELL
[12:14:57] SELL opened. ticket=947783349, price=64265.0
[12:15:57] equity 993.02 (diff +-0.16)
[12:15:57] M1 15:15:00 open=64265.00 live=64332.00 bid=64332.00 ask=64340.00 candle=green -> open SELL
[12:15:57] SELL opened. ticket=947784057, price=64332.0
[12:16:57] equity 993.01 (diff +-0.17)
[12:16:57] M1 15:16:00 open=64337.00 live=64334.00 bid=64334.00 ask=64342.00 candle=red -> skip (not green)
[12:16:57] candle is red -> skipped (no trade this minute)
[12:17:57] equity 993.12 (diff +-0.06)
[12:17:57] M1 15:17:00 open=64327.00 live=64295.00 bid=64295.00 ask=64303.00 candle=red -> skip (not green)
[12:17:57] candle is red -> skipped (no trade this minute)
[12:18:57] equity 993.13 (diff +-0.05)
[12:18:57] M1 15:18:00 open=64287.00 live=64292.00 bid=64292.00 ask=64300.00 candle=green -> open SELL
[12:18:57] SELL opened. ticket=947786146, price=64292.0
[12:19:57] equity 992.98 (diff +-0.20)
[12:19:57] M1 15:19:00 open=64290.00 live=64332.00 bid=64332.00 ask=64340.00 candle=green -> open SELL
[12:19:57] SELL opened. ticket=947786618, price=64332.0
[12:20:57] equity 993.09 (diff +-0.09)
[12:20:57] M1 15:20:00 open=64332.00 live=64307.00 bid=64307.00 ask=64315.00 candle=red -> skip (not green)
[12:20:57] candle is red -> skipped (no trade this minute)
[12:21:57] equity 993.14 (diff +-0.04)
[12:21:57] M1 15:21:00 open=64307.00 live=64293.00 bid=64293.00 ask=64301.00 candle=red -> skip (not green)
[12:21:57] candle is red -> skipped (no trade this minute)
[12:22:57] equity 993.24 (diff +0.06)
[12:22:57] M1 15:22:00 open=64288.00 live=64268.00 bid=64268.00 ask=64276.00 candle=red -> skip (not green)
[12:22:57] candle is red -> skipped (no trade this minute)
[12:23:57] equity 993.20 (diff +0.02)
[12:23:57] M1 15:23:00 open=64255.00 live=64278.00 bid=64278.00 ask=64286.00 candle=green -> open SELL
[12:23:57] SELL opened. ticket=947789154, price=64278.0
[12:24:57] equity 993.22 (diff +0.04)
[12:24:57] M1 15:24:00 open=64268.00 live=64270.00 bid=64270.00 ask=64278.00 candle=green -> open SELL
[12:24:57] SELL opened. ticket=947789531, price=64270.0
[12:25:57] equity 993.18 (diff +0.00)
[12:25:57] M1 15:25:00 open=64273.00 live=64278.00 bid=64278.00 ask=64286.00 candle=green -> open SELL
[12:25:57] SELL opened. ticket=947789962, price=64278.0
[12:26:57] equity 993.10 (diff +-0.08)
[12:26:57] M1 15:26:00 open=64283.00 live=64290.00 bid=64290.00 ask=64298.00 candle=green -> open SELL
[12:26:57] SELL opened. ticket=947790312, price=64288.0
[12:27:57] equity 993.29 (diff +0.11)
[12:27:57] M1 15:27:00 open=64290.00 live=64260.00 bid=64260.00 ask=64268.00 candle=red -> skip (not green)
[12:27:57] candle is red -> skipped (no trade this minute)
[12:28:57] equity 993.30 (diff +0.12)
[12:28:57] M1 15:28:00 open=64258.00 live=64258.00 bid=64258.00 ask=64266.00 candle=red -> skip (not green)
[12:28:57] candle is red -> skipped (no trade this minute)
[12:29:57] equity 993.24 (diff +0.06)
[12:29:57] M1 15:29:00 open=64260.00 live=64268.00 bid=64268.00 ask=64276.00 candle=green -> open SELL
[12:29:57] SELL opened. ticket=947791976, price=64268.0
[12:30:57] equity 993.23 (diff +0.05)
[12:30:57] M1 15:30:00 open=64265.00 live=64267.00 bid=64267.00 ask=64275.00 candle=green -> open SELL
[12:30:57] SELL opened. ticket=947792551, price=64267.0
[12:31:57] equity 992.93 (diff +-0.25)
[12:31:57] M1 15:31:00 open=64267.00 live=64310.00 bid=64310.00 ask=64318.00 candle=green -> open SELL
[12:31:57] SELL opened. ticket=947792983, price=64310.0
[12:32:57] equity 992.66 (diff +-0.52)
[12:32:57] M1 15:32:00 open=64307.00 live=64342.00 bid=64342.00 ask=64350.00 candle=green -> open SELL
[12:32:57] SELL opened. ticket=947794523, price=64345.0
[12:33:57] equity 993.28 (diff +0.10)
[12:33:57] M1 15:33:00 open=64340.00 live=64268.00 bid=64268.00 ask=64276.00 candle=red -> skip (not green)
[12:33:57] candle is red -> skipped (no trade this minute)
[12:34:57] equity 993.20 (diff +0.02)
[12:34:57] M1 15:34:00 open=64273.00 live=64278.00 bid=64278.00 ask=64286.00 candle=green -> open SELL
[12:34:57] SELL opened. ticket=947796283, price=64278.0
[12:35:57] equity 993.42 (diff +0.24)
[12:35:57] M1 15:35:00 open=64268.00 live=64255.00 bid=64255.00 ask=64263.00 candle=red -> skip (not green)
[12:35:57] candle is red -> skipped (no trade this minute)
[12:36:57] equity 993.32 (diff +0.14)
[12:36:57] M1 15:36:00 open=64255.00 live=64265.00 bid=64265.00 ask=64273.00 candle=green -> open SELL
[12:36:57] SELL opened. ticket=947797495, price=64265.0
[12:37:57] equity 993.40 (diff +0.22)
[12:37:57] M1 15:37:00 open=64258.00 live=64257.00 bid=64257.00 ask=64265.00 candle=red -> skip (not green)
[12:37:57] candle is red -> skipped (no trade this minute)
[12:38:57] equity 993.54 (diff +0.36)
[12:38:57] M1 15:38:00 open=64262.00 live=64240.00 bid=64240.00 ask=64248.00 candle=red -> skip (not green)
[12:38:57] candle is red -> skipped (no trade this minute)
[12:39:57] equity 993.50 (diff +0.32)
[12:39:57] M1 15:39:00 open=64237.00 live=64247.00 bid=64247.00 ask=64255.00 candle=green -> open SELL
[12:39:57] SELL opened. ticket=947799833, price=64247.0
[12:40:57] equity 993.62 (diff +0.44)
[12:40:57] M1 15:40:00 open=64252.00 live=64233.00 bid=64233.00 ask=64241.00 candle=red -> skip (not green)
[12:40:57] candle is red -> skipped (no trade this minute)
[12:41:57] equity 993.57 (diff +0.39)
[12:41:57] M1 15:41:00 open=64238.00 live=64238.00 bid=64238.00 ask=64246.00 candle=red -> skip (not green)
[12:41:57] candle is red -> skipped (no trade this minute)
[12:42:57] equity 993.67 (diff +0.49)
[12:42:57] M1 15:42:00 open=64238.00 live=64228.00 bid=64228.00 ask=64236.00 candle=red -> skip (not green)
[12:42:57] candle is red -> skipped (no trade this minute)
[12:43:57] equity 993.46 (diff +0.28)
[12:43:57] M1 15:43:00 open=64225.00 live=64250.00 bid=64250.00 ask=64258.00 candle=green -> open SELL
[12:43:57] SELL opened. ticket=947801664, price=64250.0
[12:44:57] equity 993.45 (diff +0.27)
[12:44:57] M1 15:44:00 open=64245.00 live=64250.00 bid=64250.00 ask=64258.00 candle=green -> open SELL
[12:44:57] SELL opened. ticket=947802074, price=64250.0
[12:45:57] equity 993.01 (diff +-0.17)
[12:45:57] M1 15:45:00 open=64248.00 live=64285.00 bid=64285.00 ask=64293.00 candle=green -> open SELL
[12:45:57] SELL opened. ticket=947802546, price=64285.0
[12:46:57] equity 993.22 (diff +0.04)
[12:46:57] M1 15:46:00 open=64290.00 live=64268.00 bid=64268.00 ask=64276.00 candle=red -> skip (not green)
[12:46:57] candle is red -> skipped (no trade this minute)
[12:47:57] equity 993.48 (diff +0.30)
[12:47:57] M1 15:47:00 open=64255.00 live=64248.00 bid=64248.00 ask=64256.00 candle=red -> skip (not green)
[12:47:57] candle is red -> skipped (no trade this minute)
[12:48:57] equity 993.28 (diff +0.10)
[12:48:57] M1 15:48:00 open=64245.00 live=64265.00 bid=64265.00 ask=64273.00 candle=green -> open SELL
[12:48:57] SELL opened. ticket=947804038, price=64265.0
[12:49:57] equity 993.57 (diff +0.39)
[12:49:57] M1 15:49:00 open=64262.00 live=64243.00 bid=64243.00 ask=64251.00 candle=red -> skip (not green)
[12:49:57] candle is red -> skipped (no trade this minute)
[12:50:57] equity 993.57 (diff +0.39)
[12:50:57] M1 15:50:00 open=64240.00 live=64243.00 bid=64243.00 ask=64251.00 candle=green -> open SELL
[12:50:57] SELL opened. ticket=947805335, price=64243.0
[12:51:57] equity 993.56 (diff +0.38)
[12:51:57] M1 15:51:00 open=64240.00 live=64243.00 bid=64243.00 ask=64251.00 candle=green -> open SELL
[12:51:57] SELL opened. ticket=947805877, price=64243.0
[12:52:57] equity 993.53 (diff +0.35)
[12:52:57] M1 15:52:00 open=64243.00 live=64245.00 bid=64245.00 ask=64253.00 candle=green -> open SELL
[12:52:57] SELL opened. ticket=947806245, price=64245.0
[12:53:57] equity 993.38 (diff +0.20)
[12:53:57] M1 15:53:00 open=64248.00 live=64253.00 bid=64253.00 ask=64261.00 candle=green -> open SELL
[12:53:57] SELL opened. ticket=947806714, price=64253.0
[12:54:57] equity 993.20 (diff +0.02)
[12:54:57] M1 15:54:00 open=64258.00 live=64265.00 bid=64265.00 ask=64273.00 candle=green -> open SELL
[12:54:57] SELL opened. ticket=947807343, price=64265.0
[12:55:57] equity 993.47 (diff +0.29)
[12:55:57] M1 15:55:00 open=64268.00 live=64248.00 bid=64248.00 ask=64256.00 candle=red -> skip (not green)
[12:55:57] candle is red -> skipped (no trade this minute)
[12:56:57] equity 993.80 (diff +0.62)
[12:56:57] M1 15:56:00 open=64245.00 live=64228.00 bid=64228.00 ask=64236.00 candle=red -> skip (not green)
[12:56:57] candle is red -> skipped (no trade this minute)
[12:57:57] equity 993.57 (diff +0.39)
[12:57:57] M1 15:57:00 open=64233.00 live=64240.00 bid=64240.00 ask=64248.00 candle=green -> open SELL
[12:57:57] SELL opened. ticket=947809248, price=64240.0
[12:58:57] equity 993.54 (diff +0.36)
[12:58:57] M1 15:58:00 open=64238.00 live=64243.00 bid=64243.00 ask=64251.00 candle=green -> open SELL
[12:58:57] SELL opened. ticket=947809776, price=64243.0
[12:59:57] equity 992.75 (diff +-0.43)
[12:59:57] M1 15:59:00 open=64238.00 live=64287.00 bid=64287.00 ask=64295.00 candle=green -> open SELL
[12:59:57] SELL opened. ticket=947810523, price=64287.0
[13:00:57] equity 992.33 (diff +-0.85)
[13:00:57] M1 16:00:00 open=64292.00 live=64312.00 bid=64312.00 ask=64320.00 candle=green -> open SELL
[13:00:57] SELL opened. ticket=947811870, price=64310.0
[13:01:57] equity 993.12 (diff +-0.06)
[13:01:57] M1 16:01:00 open=64310.00 live=64267.00 bid=64267.00 ask=64275.00 candle=red -> skip (not green)
[13:01:57] candle is red -> skipped (no trade this minute)
[13:02:57] equity 993.28 (diff +0.10)
[13:02:57] M1 16:02:00 open=64267.00 live=64260.00 bid=64260.00 ask=64268.00 candle=red -> skip (not green)
[13:02:57] candle is red -> skipped (no trade this minute)
[13:03:57] equity 993.28 (diff +0.10)
[13:03:57] M1 16:03:00 open=64268.00 live=64260.00 bid=64260.00 ask=64268.00 candle=red -> skip (not green)
[13:03:57] candle is red -> skipped (no trade this minute)
[13:04:57] equity 993.59 (diff +0.41)
[13:04:57] M1 16:04:00 open=64253.00 live=64243.00 bid=64243.00 ask=64251.00 candle=red -> skip (not green)
[13:04:57] candle is red -> skipped (no trade this minute)
[13:05:57] equity 993.18 (diff +0.00)
[13:05:57] M1 16:05:00 open=64240.00 live=64265.00 bid=64265.00 ask=64273.00 candle=green -> open SELL
[13:05:57] SELL opened. ticket=947814776, price=64265.0
[13:06:57] equity 993.51 (diff +0.33)
[13:06:57] M1 16:06:00 open=64263.00 live=64248.00 bid=64248.00 ask=64256.00 candle=red -> skip (not green)
[13:06:57] candle is red -> skipped (no trade this minute)
[13:07:57] equity 993.32 (diff +0.14)
[13:07:57] M1 16:07:00 open=64243.00 live=64258.00 bid=64258.00 ask=64266.00 candle=green -> open SELL
[13:07:57] SELL opened. ticket=947815674, price=64260.0
[13:08:57] equity 993.10 (diff +-0.08)
[13:08:57] M1 16:08:00 open=64265.00 live=64268.00 bid=64268.00 ask=64276.00 candle=green -> open SELL
[13:08:57] SELL opened. ticket=947816197, price=64268.0
[13:09:57] equity 993.36 (diff +0.18)
[13:09:57] M1 16:09:00 open=64266.00 live=64256.00 bid=64256.00 ask=64264.00 candle=red -> skip (not green)
[13:09:57] candle is red -> skipped (no trade this minute)
[13:10:57] equity 991.84 (diff +-1.34)
[13:10:57] STOP: equity diff -1.34 <= -1.00. Closing all positions and exiting.
[13:10:57] closed 947778896 (sell) @ 64339.00
[13:10:57] closed 947782631 (sell) @ 64339.00
[13:10:57] closed 947783349 (sell) @ 64339.00
[13:10:57] closed 947784057 (sell) @ 64339.00
[13:10:57] closed 947786146 (sell) @ 64339.00
[13:10:58] closed 947786618 (sell) @ 64339.00
[13:10:58] closed 947789154 (sell) @ 64339.00
[13:10:58] closed 947789531 (sell) @ 64339.00
[13:10:58] closed 947789962 (sell) @ 64339.00
[13:10:58] closed 947790312 (sell) @ 64339.00
[13:10:58] closed 947791976 (sell) @ 64339.00
[13:10:59] closed 947792551 (sell) @ 64339.00
[13:10:59] closed 947792983 (sell) @ 64339.00
[13:10:59] closed 947794523 (sell) @ 64341.00
[13:10:59] closed 947796283 (sell) @ 64341.00
[13:10:59] closed 947797495 (sell) @ 64339.00
[13:11:00] closed 947799833 (sell) @ 64339.00
[13:11:00] closed 947801664 (sell) @ 64339.00
[13:11:00] closed 947802074 (sell) @ 64339.00
[13:11:00] closed 947802546 (sell) @ 64338.00
[13:11:00] closed 947804038 (sell) @ 64338.00
[13:11:00] closed 947805335 (sell) @ 64338.00
[13:11:01] closed 947805877 (sell) @ 64338.00
[13:11:01] closed 947806245 (sell) @ 64338.00
[13:11:01] closed 947806714 (sell) @ 64338.00
[13:11:01] closed 947807343 (sell) @ 64341.00
[13:11:01] closed 947809248 (sell) @ 64341.00
[13:11:02] closed 947809776 (sell) @ 64341.00
[13:11:02] closed 947810523 (sell) @ 64341.00
[13:11:02] closed 947811870 (sell) @ 64341.00
[13:11:02] closed 947814776 (sell) @ 64341.00
[13:11:02] closed 947815674 (sell) @ 64341.00
[13:11:02] closed 947816197 (sell) @ 64341.00
[13:11:02] closed 33/33 positions
[13:11:02] Stopped.
